156/1560 graphs, identical 624, different 0, 222s
312/1560 graphs, identical 1248, different 0, 369s
468/1560 graphs, identical 1872, different 0, 543s
624/1560 graphs, identical 2496, different 0, 731s
780/1560 graphs, identical 3120, different 0, 910s
936/1560 graphs, identical 3744, different 0, 1081s
1092/1560 graphs, identical 4368, different 0, 1254s
1248/1560 graphs, identical 4992, different 0, 1468s
1404/1560 graphs, identical 5616, different 0, 1661s
1560/1560 graphs, identical 6240, different 0, 1876s
DONE graphs 1560 comparisons 6240 identical 6240 different 0
median t_algorithm_ms (v1.0 pilot, quiet machine) vs (v1.1 replay, NOT a controlled timing):
  funke    n=   500 v1.0      5.12  v1.1      0.97
  funke    n=  2000 v1.0     56.55  v1.1      4.92
  funke    n= 10000 v1.0    754.17  v1.1     28.10
  li       n=   500 v1.0     14.19  v1.1      2.40
  li       n=  2000 v1.0    212.27  v1.1     11.28
  li       n= 10000 v1.0   5555.99  v1.1     64.85
  marathe  n=   500 v1.0      1.34  v1.1      1.35
  marathe  n=  2000 v1.0      6.20  v1.1      6.31
  marathe  n= 10000 v1.0     34.64  v1.1     33.98
  wan      n=   500 v1.0      1.37  v1.1      1.38
  wan      n=  2000 v1.0      6.39  v1.1      6.32
  wan      n= 10000 v1.0     35.86  v1.1     34.88
